---
source: crates/ruff/src/rules/pyspark/mod.rs
---

