---
source: crates/ruff_linter/src/rules/pyspark/mod.rs
---

